IndexNow accepted the URLs; key validation is pending (202).
Receipt does not guarantee crawling, indexing, ranking or security clearance.
✔ metadata preserves noindex pages and redirect stubs, regardless of attribute order (1.8633ms)
✔ breadcrumb data follows visible navigation, escapes script content and is stable on reruns (5.7419ms)
✔ updating a page does not overwrite the description of its parent collection (0.7059ms)
✔ structured metadata matches the current page with or without a trailing slash (2.4292ms)
✔ IndexNow selects changed public pages and removals, excluding dashboard, redirects and unrelated files (0.9953ms)
✔ IndexNow refuses to submit before a matching key is deployed (24.9962ms)
✔ IndexNow checks the deployed sitemap and sends one canonical batch (1.8811ms)
✔ all language homepages contain translated HTML with reciprocal, self-canonical alternates (42.4017ms)
✔ static homepages and runtime dictionaries cover the same languages with nonempty matching keys (355.8733ms)
✔ sitemap and JavaScript-free directory cover public pages while excluding account and redirect pages (199.1266ms)
ℹ tests 10
ℹ suites 0
ℹ pass 10
ℹ fail 0
ℹ cancelled 0
ℹ skipped 0
ℹ todo 0
ℹ duration_ms 1108.0082
